Card table byte_map: [0x0000000011300000,0x0000000011900000] byte_map_base: 0x000000000daf8000

Marking Bits: (ParMarkBitMap*) 0x000000007781d850
 Begin Bits: [0x0000000012500000, 0x00000000154c0000)
 End Bits:   [0x00000000154c0000, 0x0000000018480000)

Polling page: 0x00000000006b0000

CodeCache: size=245760Kb used=3640Kb max_used=3646Kb free=242119Kb
 bounds [0x0000000001f40000, 0x00000000022e0000, 0x0000000010f40000]
 total_blobs=1520 nmethods=1055 adapters=378
 compilation: enabled

Compilation events (10 events):
Event: 124.406 Thread 0x000000001b3c1000 nmethod 1069 0x00000000022d10d0 code [0x00000000022d1220, 0x00000000022d1330]
Event: 124.446 Thread 0x000000001b3c1000 1070       1       javax.swing.DefaultButtonModel::isMenuItem (5 bytes)
Event: 124.446 Thread 0x000000001b3c1000 nmethod 1070 0x00000000022d0e10 code [0x00000000022d0f60, 0x00000000022d1070]
Event: 124.930 Thread 0x000000001b3b1000 1071       4       sun.awt.SunToolkit::getAppContext (42 bytes)
Event: 124.931 Thread 0x000000001b3b1000 nmethod 1071 0x00000000022d0b10 code [0x00000000022d0c60, 0x00000000022d0d18]
Event: 125.085 Thread 0x000000001b3b6800 1072       4       javax.swing.JComponent::getHeight (5 bytes)
Event: 125.085 Thread 0x000000001b3c1000 1074       3       javax.swing.JComponent::rectangleIsObscured (119 bytes)
Event: 125.085 Thread 0x000000001b3b6800 nmethod 1072 0x0000000002295090 code [0x00000000022951c0, 0x0000000002295218]
Event: 125.085 Thread 0x000000001b3c1000 nmethod 1074 0x00000000022d1e50 code [0x00000000022d2060, 0x00000000022d2da8]
Event: 125.085 Thread 0x000000001b3c1000 1076   !   3       javax.swing.JComponent::paintChildren (669 bytes)

GC Heap History (10 events):
Event: 120.433 GC heap before
{Heap before GC invocations=69 (full 7):
 PSYoungGen      total 351744K, used 316224K [0x0000000780580000, 0x00000007a5200000, 0x00000007c0000000)
  eden space 140800K, 100% used [0x0000000780580000,0x0000000788f00000,0x0000000788f00000)
  from space 210944K, 83% used [0x0000000788f00000,0x0000000793a50020,0x0000000795d00000)
  to   space 172032K, 0% used [0x0000000795d00000,0x0000000795d00000,0x00000007a0500000)
 ParOldGen       total 623616K, used 521661K [0x0000000701000000, 0x0000000727100000, 0x0000000780580000)
  object space 623616K, 83% used [0x0000000701000000,0x0000000720d6f638,0x0000000727100000)
 Metaspace       used 10237K, capacity 10474K, committed 10624K, reserved 1058816K
  class space    used 1207K, capacity 1292K, committed 1408K, reserved 1048576K
Event: 120.497 GC heap after
Heap after GC invocations=69 (full 7):
 PSYoungGen      total 312832K, used 172000K [0x0000000780580000, 0x00000007a5200000, 0x00000007c0000000)
  eden space 140800K, 0% used [0x0000000780580000,0x0000000780580000,0x0000000788f00000)
  from space 172032K, 99% used [0x0000000795d00000,0x00000007a04f8020,0x00000007a0500000)
  to   space 210944K, 0% used [0x0000000788f00000,0x0000000788f00000,0x0000000795d00000)
 ParOldGen       total 623616K, used 545629K [0x0000000701000000, 0x0000000727100000, 0x0000000780580000)
  object space 623616K, 87% used [0x0000000701000000,0x00000007224d7638,0x0000000727100000)
 Metaspace       used 10237K, capacity 10474K, committed 10624K, reserved 1058816K
  class space    used 1207K, capacity 1292K, committed 1408K, reserved 1048576K
}
Event: 121.186 GC heap before
{Heap before GC invocations=70 (full 7):
 PSYoungGen      total 312832K, used 312800K [0x0000000780580000, 0x00000007a5200000, 0x00000007c0000000)
  eden space 140800K, 100% used [0x0000000780580000,0x0000000788f00000,0x0000000788f00000)
  from space 172032K, 99% used [0x0000000795d00000,0x00000007a04f8020,0x00000007a0500000)
  to   space 210944K, 0% used [0x0000000788f00000,0x0000000788f00000,0x0000000795d00000)
 ParOldGen       total 623616K, used 545629K [0x0000000701000000, 0x0000000727100000, 0x0000000780580000)
  object space 623616K, 87% used [0x0000000701000000,0x00000007224d7638,0x0000000727100000)
 Metaspace       used 10237K, capacity 10474K, committed 10624K, reserved 1058816K
  class space    used 1207K, capacity 1292K, committed 1408K, reserved 1048576K
Event: 121.247 GC heap after
Heap after GC invocations=70 (full 7):
 PSYoungGen      total 351744K, used 177216K [0x0000000780580000, 0x00000007a5200000, 0x00000007c0000000)
  eden space 140800K, 0% used [0x0000000780580000,0x0000000780580000,0x0000000788f00000)
  from space 210944K, 84% used [0x0000000788f00000,0x0000000793c10020,0x0000000795d00000)
  to   space 172032K, 0% used [0x0000000795d00000,0x0000000795d00000,0x00000007a0500000)
 ParOldGen       total 623616K, used 561205K [0x0000000701000000, 0x0000000727100000, 0x0000000780580000)
  object space 623616K, 89% used [0x0000000701000000,0x000000072340d638,0x0000000727100000)
 Metaspace       used 10237K, capacity 10474K, committed 10624K, reserved 1058816K
  class space    used 1207K, capacity 1292K, committed 1408K, reserved 1048576K
}
Event: 121.247 GC heap before
{Heap before GC invocations=71 (full 8):
 PSYoungGen      total 351744K, used 177216K [0x0000000780580000, 0x00000007a5200000, 0x00000007c0000000)
  eden space 140800K, 0% used [0x0000000780580000,0x0000000780580000,0x0000000788f00000)
  from space 210944K, 84% used [0x0000000788f00000,0x0000000793c10020,0x0000000795d00000)
  to   space 172032K, 0% used [0x0000000795d00000,0x0000000795d00000,0x00000007a0500000)
 ParOldGen       total 623616K, used 561205K [0x0000000701000000, 0x0000000727100000, 0x0000000780580000)
  object space 623616K, 89% used [0x0000000701000000,0x000000072340d638,0x0000000727100000)
 Metaspace       used 10237K, capacity 10474K, committed 10624K, reserved 1058816K
  class space    used 1207K, capacity 1292K, committed 1408K, reserved 1048576K
Event: 121.426 GC heap after
Heap after GC invocations=71 (full 8):
 PSYoungGen      total 351744K, used 0K [0x0000000780580000, 0x00000007a5200000, 0x00000007c0000000)
  eden space 140800K, 0% used [0x0000000780580000,0x0000000780580000,0x0000000788f00000)
  from space 210944K, 0% used [0x0000000788f00000,0x0000000788f00000,0x0000000795d00000)
  to   space 172032K, 0% used [0x0000000795d00000,0x0000000795d00000,0x00000007a0500000)
 ParOldGen       total 623616K, used 118990K [0x0000000701000000, 0x0000000727100000, 0x0000000780580000)
  object space 623616K, 19% used [0x0000000701000000,0x0000000708433b70,0x0000000727100000)
 Metaspace       used 10237K, capacity 10474K, committed 10624K, reserved 1058816K
  class space    used 1207K, capacity 1292K, committed 1408K, reserved 1048576K
}
Event: 122.019 GC heap before
{Heap before GC invocations=72 (full 8):
 PSYoungGen      total 351744K, used 140800K [0x0000000780580000, 0x00000007a5200000, 0x00000007c0000000)
  eden space 140800K, 100% used [0x0000000780580000,0x0000000788f00000,0x0000000788f00000)
  from space 210944K, 0% used [0x0000000788f00000,0x0000000788f00000,0x0000000795d00000)
  to   space 172032K, 0% used [0x0000000795d00000,0x0000000795d00000,0x00000007a0500000)
 ParOldGen       total 623616K, used 118990K [0x0000000701000000, 0x0000000727100000, 0x0000000780580000)
  object space 623616K, 19% used [0x0000000701000000,0x0000000708433b70,0x0000000727100000)
 Metaspace       used 10237K, capacity 10474K, committed 10624K, reserved 1058816K
  class space    used 1207K, capacity 1292K, committed 1408K, reserved 1048576K
Event: 122.024 GC heap after
Heap after GC invocations=72 (full 8):
 PSYoungGen      total 312832K, used 14880K [0x0000000780580000, 0x00000007a5200000, 0x00000007c0000000)
  eden space 140800K, 0% used [0x0000000780580000,0x0000000780580000,0x0000000788f00000)
  from space 172032K, 8% used [0x0000000795d00000,0x0000000796b88010,0x00000007a0500000)
  to   space 210944K, 0% used [0x0000000788f00000,0x0000000788f00000,0x0000000795d00000)
 ParOldGen       total 623616K, used 118990K [0x0000000701000000, 0x0000000727100000, 0x0000000780580000)
  object space 623616K, 19% used [0x0000000701000000,0x0000000708433b70,0x0000000727100000)
 Metaspace       used 10237K, capacity 10474K, committed 10624K, reserved 1058816K
  class space    used 1207K, capacity 1292K, committed 1408K, reserved 1048576K
}
Event: 122.520 GC heap before
{Heap before GC invocations=73 (full 8):
 PSYoungGen      total 312832K, used 155680K [0x0000000780580000, 0x00000007a5200000, 0x00000007c0000000)
  eden space 140800K, 100% used [0x0000000780580000,0x0000000788f00000,0x0000000788f00000)
  from space 172032K, 8% used [0x0000000795d00000,0x0000000796b88010,0x00000007a0500000)
  to   space 210944K, 0% used [0x0000000788f00000,0x0000000788f00000,0x0000000795d00000)
 ParOldGen       total 623616K, used 118990K [0x0000000701000000, 0x0000000727100000, 0x0000000780580000)
  object space 623616K, 19% used [0x0000000701000000,0x0000000708433b70,0x0000000727100000)
 Metaspace       used 10237K, capacity 10474K, committed 10624K, reserved 1058816K
  class space    used 1207K, capacity 1292K, committed 1408K, reserved 1048576K
Event: 122.529 GC heap after
Heap after GC invocations=73 (full 8):
 PSYoungGen      total 351744K, used 25920K [0x0000000780580000, 0x00000007a5200000, 0x00000007c0000000)
  eden space 140800K, 0% used [0x0000000780580000,0x0000000780580000,0x0000000788f00000)
  from space 210944K, 12% used [0x0000000788f00000,0x000000078a850010,0x0000000795d00000)
  to   space 172032K, 0% used [0x0000000795d00000,0x0000000795d00000,0x00000007a0500000)
 ParOldGen       total 623616K, used 118990K [0x0000000701000000, 0x0000000727100000, 0x0000000780580000)
  object space 623616K, 19% used [0x0000000701000000,0x0000000708433b70,0x0000000727100000)
 Metaspace       used 10237K, capacity 10474K, committed 10624K, reserved 1058816K
  class space    used 1207K, capacity 1292K, committed 1408K, reserved 1048576K
}

Deoptimization events (7 events):
Event: 0.196 Thread 0x0000000001e40800 Uncommon trap: reason=null_check action=make_not_entrant pc=0x00000000020ae1c4 method=java.lang.String.equals(Ljava/lang/Object;)Z @ 8
Event: 8.168 Thread 0x000000001c376800 Uncommon trap: reason=unstable_if action=reinterpret pc=0x00000000021b41d8 method=modele.Etat.estPlein()Z @ 24
Event: 8.169 Thread 0x000000001c376800 Uncommon trap: reason=unstable_if action=reinterpret pc=0x00000000021c5248 method=modele.Etat.estPlein()Z @ 24
Event: 12.741 Thread 0x000000001c376800 Uncommon trap: reason=unstable_if action=reinterpret pc=0x00000000021bca0c method=java.util.HashMap$HashIterator.<init>(Ljava/util/HashMap;)V @ 38
Event: 13.774 Thread 0x000000001c376800 Uncommon trap: reason=unstable_if action=reinterpret pc=0x00000000021b9ef4 method=java.util.HashMap$HashIterator.<init>(Ljava/util/HashMap;)V @ 38
Event: 13.855 Thread 0x000000001c376800 Uncommon trap: reason=unstable_if action=reinterpret pc=0x00000000021b70a0 method=java.util.HashMap$HashIterator.<init>(Ljava/util/HashMap;)V @ 38
Event: 88.779 Thread 0x000000001c376800 Uncommon trap: reason=unstable_if action=reinterpret pc=0x00000000021cd64c method=modele.MCTS.marcheAleatoire(Lmodele/Etat;)I @ 13

Internal exceptions (10 events):
Event: 0.109 Thread 0x0000000001e40800 Exception <a 'java/security/PrivilegedActionException'> (0x00000007806087f8) thrown at [C:\re\workspace\8-2-build-windows-amd64-cygwin\jdk8u144\9417\hotspot\src\share\vm\prims\jvm.cpp, line 1390]
Event: 0.109 Thread 0x0000000001e40800 Exception <a 'java/security/PrivilegedActionException'> (0x0000000780608a08) thrown at [C:\re\workspace\8-2-build-windows-amd64-cygwin\jdk8u144\9417\hotspot\src\share\vm\prims\jvm.cpp, line 1390]
Event: 0.112 Thread 0x0000000001e40800 Exception <a 'java/io/FileNotFoundException'> (0x000000078060b8c8) thrown at [C:\re\workspace\8-2-build-windows-amd64-cygwin\jdk8u144\9417\hotspot\src\share\vm\prims\jni.cpp, line 709]
Event: 0.138 Thread 0x0000000001e40800 Exception <a 'java/lang/NoSuchFieldError': method resolution failed> (0x00000007807cf6f0) thrown at [C:\re\workspace\8-2-build-windows-amd64-cygwin\jdk8u144\9417\hotspot\src\share\vm\prims\methodHandles.cpp, line 1146]
Event: 0.139 Thread 0x0000000001e40800 Exception <a 'java/lang/NoSuchFieldError': method resolution failed> (0x00000007807dcac0) thrown at [C:\re\workspace\8-2-build-windows-amd64-cygwin\jdk8u144\9417\hotspot\src\share\vm\prims\methodHandles.cpp, line 1146]
Event: 0.176 Thread 0x0000000001e40800 Exception <a 'java/io/FileNotFoundException'> (0x0000000780871a30) thrown at [C:\re\workspace\8-2-build-windows-amd64-cygwin\jdk8u144\9417\hotspot\src\share\vm\prims\jni.cpp, line 709]
Event: 0.196 Thread 0x0000000001e40800 Implicit null exception at 0x00000000020adfdc to 0x00000000020ae1b5
Event: 12.741 Thread 0x000000001c376800 Implicit null exception at 0x00000000021bc7af to 0x00000000021bc9f1
Event: 13.774 Thread 0x000000001c376800 Implicit null exception at 0x00000000021b9cf5 to 0x00000000021b9ed9
Event: 13.855 Thread 0x000000001c376800 Implicit null exception at 0x00000000021b6ebf to 0x00000000021b7089

Events (10 events):
Event: 119.816 Executing VM operation: ParallelGCFailedAllocation
Event: 119.879 Executing VM operation: ParallelGCFailedAllocation done
Event: 120.433 Executing VM operation: ParallelGCFailedAllocation
Event: 120.497 Executing VM operation: ParallelGCFailedAllocation done
Event: 121.186 Executing VM operation: ParallelGCFailedAllocation
Event: 121.426 Executing VM operation: ParallelGCFailedAllocation done
Event: 122.019 Executing VM operation: ParallelGCFailedAllocation
Event: 122.024 Executing VM operation: ParallelGCFailedAllocation done
Event: 122.520 Executing VM operation: ParallelGCFailedAllocation
Event: 122.529 Executing VM operation: ParallelGCFailedAllocation done


Dynamic libraries:
0x00007ff6a1f30000 - 0x00007ff6a1f67000 	C:\Program Files\Java\jre1.8.0_144\bin\javaw.exe
0x00007ffa78c70000 - 0x00007ffa78e1d000 	C:\Windows\SYSTEM32\ntdll.dll
0x00007ffa76b10000 - 0x00007ffa76c4e000 	C:\Windows\system32\KERNEL32.DLL
0x00007ffa75f20000 - 0x00007ffa76035000 	C:\Windows\system32\KERNELBASE.dll
0x00007ffa74920000 - 0x00007ffa749ae000 	C:\Windows\system32\apphelp.dll
0x00007ffa57d60000 - 0x00007ffa57db3000 	C:\Windows\AppPatch\AppPatch64\AcGenral.DLL
0x00007ffa76410000 - 0x00007ffa764ba000 	C:\Windows\system32\msvcrt.dll
0x00007ffa76040000 - 0x00007ffa7606e000 	C:\Windows\system32\SspiCli.dll
0x00007ffa78bd0000 - 0x00007ffa78c24000 	C:\Windows\system32\SHLWAPI.dll
0x00007ffa764d0000 - 0x00007ffa76647000 	C:\Windows\system32\USER32.dll
0x00007ffa78a30000 - 0x00007ffa78bc4000 	C:\Windows\system32\ole32.dll
0x00007ffa772f0000 - 0x00007ffa78819000 	C:\Windows\system32\SHELL32.dll
0x00007ffa755c0000 - 0x00007ffa755e1000 	C:\Windows\SYSTEM32\USERENV.dll
0x00007ffa76360000 - 0x00007ffa7640a000 	C:\Windows\system32\ADVAPI32.dll
0x00007ffa68ee0000 - 0x00007ffa68efe000 	C:\Windows\SYSTEM32\MPR.dll
0x00007ffa78820000 - 0x00007ffa78960000 	C:\Windows\system32\RPCRT4.dll
0x00007ffa76f20000 - 0x00007ffa76f79000 	C:\Windows\SYSTEM32\sechost.dll
0x00007ffa76d00000 - 0x00007ffa76f12000 	C:\Windows\SYSTEM32\combase.dll
0x00007ffa76f80000 - 0x00007ffa770cb000 	C:\Windows\system32\GDI32.dll
0x00007ffa75da0000 - 0x00007ffa75db5000 	C:\Windows\SYSTEM32\profapi.dll
0x00007ffa745b0000 - 0x00007ffa74662000 	C:\Windows\SYSTEM32\SHCORE.dll
0x00007ffa78c30000 - 0x00007ffa78c66000 	C:\Windows\system32\IMM32.DLL
0x00007ffa77190000 - 0x00007ffa772e1000 	C:\Windows\system32\MSCTF.dll
0x00007ffa75d60000 - 0x00007ffa75d90000 	C:\Windows\system32\nvinitx.dll
0x00007ffa75d50000 - 0x00007ffa75d5a000 	C:\Windows\SYSTEM32\VERSION.dll
0x0000000050c20000 - 0x0000000050c26000 	C:\Program Files\NVIDIA Corporation\CoProcManager\_etoured.dll
0x00007ffa73c00000 - 0x00007ffa73c38000 	C:\Program Files\NVIDIA Corporation\CoProcManager\nvd3d9wrapx.dll
0x00007ffa76870000 - 0x00007ffa76a4a000 	C:\Windows\system32\SETUPAPI.dll
0x00007ffa75e70000 - 0x00007ffa75ebf000 	C:\Windows\system32\CFGMGR32.dll
0x00007ffa73bd0000 - 0x00007ffa73bf4000 	C:\Program Files\NVIDIA Corporation\CoProcManager\nvdxgiwrapx.dll
0x00007ffa74130000 - 0x00007ffa743ab000 	C:\Windows\WinSxS\amd64_microsoft.windows.common-controls_6595b64144ccf1df_6.0.9600.18006_none_623f33d3ecbe86e8\COMCTL32.dll
0x0000000076e50000 - 0x0000000076f22000 	C:\Program Files\Java\jre1.8.0_144\bin\msvcr100.dll
0x0000000077000000 - 0x000000007789d000 	C:\Program Files\Java\jre1.8.0_144\bin\server\jvm.dll
0x00007ffa6a960000 - 0x00007ffa6a969000 	C:\Windows\SYSTEM32\WSOCK32.dll
0x00007ffa704b0000 - 0x00007ffa704d2000 	C:\Windows\SYSTEM32\WINMM.dll
0x00007ffa76c50000 - 0x00007ffa76c57000 	C:\Windows\system32\PSAPI.DLL
0x00007ffa76300000 - 0x00007ffa7635a000 	C:\Windows\system32\WS2_32.dll
0x00007ffa70050000 - 0x00007ffa7007a000 	C:\Windows\SYSTEM32\WINMMBASE.dll
0x00007ffa764c0000 - 0x00007ffa764c9000 	C:\Windows\system32\NSI.dll
0x00007ffa74b70000 - 0x00007ffa74b98000 	C:\Windows\SYSTEM32\DEVOBJ.dll
0x0000000050010000 - 0x000000005001f000 	C:\Program Files\Java\jre1.8.0_144\bin\verify.dll
0x0000000076fd0000 - 0x0000000076ff9000 	C:\Program Files\Java\jre1.8.0_144\bin\java.dll
0x0000000076fb0000 - 0x0000000076fc6000 	C:\Program Files\Java\jre1.8.0_144\bin\zip.dll
0x0000000076cb0000 - 0x0000000076e48000 	C:\Program Files\Java\jre1.8.0_144\bin\awt.dll
0x00007ffa78960000 - 0x00007ffa78a26000 	C:\Windows\system32\OLEAUT32.dll
0x00007ffa743b0000 - 0x00007ffa743d1000 	C:\Windows\system32\DWMAPI.DLL
0x00007ffa749f0000 - 0x00007ffa74b19000 	C:\Windows\system32\uxtheme.dll
0x00007ffa5f220000 - 0x00007ffa5f34b000 	C:\Windows\system32\opengl32.dll
0x00007ffa5f1f0000 - 0x00007ffa5f21e000 	C:\Windows\SYSTEM32\GLU32.dll
0x00007ffa731e0000 - 0x00007ffa732d8000 	C:\Windows\SYSTEM32\DDRAW.dll
0x00007ffa735c0000 - 0x00007ffa735c9000 	C:\Windows\SYSTEM32\DCIMAN32.dll
0x00007ffa74bc0000 - 0x00007ffa74bcb000 	C:\Windows\SYSTEM32\kernel.appcore.dll
0x00007ffa75cd0000 - 0x00007ffa75cdb000 	C:\Windows\SYSTEM32\CRYPTBASE.dll
0x00007ffa75b60000 - 0x00007ffa75bc3000 	C:\Windows\SYSTEM32\bcryptPrimitives.dll
0x0000000076c60000 - 0x0000000076ca7000 	C:\Program Files\Java\jre1.8.0_144\bin\fontmanager.dll
0x0000000076f90000 - 0x0000000076faa000 	C:\Program Files\Java\jre1.8.0_144\bin\net.dll
0x00007ffa75560000 - 0x00007ffa755b9000 	C:\Windows\system32\mswsock.dll
0x0000000076f70000 - 0x0000000076f81000 	C:\Program Files\Java\jre1.8.0_144\bin\nio.dll
0x0000000076c10000 - 0x0000000076c52000 	C:\Program Files\Java\jre1.8.0_144\bin\t2k.dll

VM Arguments:
jvm_args: -Dfile.encoding=Cp1252 
java_command: plateau.Puissance4
java_class_path (initial): C:\Users\Vava\Java\PuissanceMelenchon\bin
Launcher Type: SUN_STANDARD

Environment Variables:
JAVA_HOME=C:\Program Files\Java\jdk-9
PATH=C:/Program Files/Java/jre1.8.0_144/bin/server;C:/Program Files/Java/jre1.8.0_144/bin;C:/Program Files/Java/jre1.8.0_144/lib/amd64;C:\Program Files (x86)\NVIDIA Corporation\PhysX\Common;C:\Windows\system32;C:\Windows;C:\Windows\System32\Wbem;C:\Windows\System32\WindowsPowerShell\v1.0\;C:\Program Files (x86)\GtkSharp\2.12\bin;C:\Program Files\Git\cmd;C:\Program Files\Ant\bin;C:\Program Files\Java\jdk-9\bin;C:\Users\Vava\Desktop;
USERNAME=Vava
OS=Windows_NT
PROCESSOR_IDENTIFIER=Intel64 Family 6 Model 60 Stepping 3, GenuineIntel



---------------  S Y S T E M  ---------------

OS: Windows 8.1 , 64 bit Build 9600 (6.3.9600.17415)

CPU:total 8 (initial active 8) (4 cores per cpu, 2 threads per core) family 6 model 60 stepping 3, cmov, cx8, fxsr, mmx, sse, sse2, sse3, ssse3, sse4.1, sse4.2, popcnt, avx, avx2, aes, clmul, erms, lzcnt, ht, tsc, tscinvbit, bmi1, bmi2

Memory: 4k page, physical 12513304k(402220k free), swap 50262040k(3888k free)

vm_info: Java HotSpot(TM) 64-Bit Server VM (25.144-b01) for windows-amd64 JRE (1.8.0_144-b01), built on Jul 21 2017 21:57:33 by "java_re" with MS VC++ 10.0 (VS2010)

time: Sat Nov 04 22:31:37 2017
elapsed time: 125 seconds (0d 0h 2m 5s)

